{
  "class_uid": 2,
  "category_uid": 2,
  "metadata": {
    "uid": "aa37410f-e5d6-42b3-b96f-9123f77b4fcf",
    "version": "1.3.0",
    "original_time": "Jul 25 2025 13:05:30",
    "event_code": "MalwareDetected",
    "product": {
      "name": "Endpoint Protection",
      "vendor_name": "Symantec",
      "version": "14.3"
    },
    "labels": [
      "ulpf",
      "generic_leef",
      "leef"
    ]
  },
  "time": 1753448730000,
  "severity_id": 4,
  "src_endpoint": {
    "ip": "192.168.1.150"
  },
  "unmapped": {
    "leef_version": "2.0",
    "file": "/tmp/malware.exe",
    "threat": "Trojan.Gen",
    "action": "Quarantine",
    "severity": "High"
  }
}
